
> vite_react_shadcn_ts@0.0.0 build
> vite build

[36mvite v5.4.20 [32mbuilding for production...[36m[39m
node.exe : [baseline-b
rowser-mapping] The 
data in this module 
is over two months 
old.  To ensure 
accurate Baseline 
data, please update: 
`npm i baseline-browse
r-mapping@latest -D`
At C:\Program Files\no
dejs\npm.ps1:29 char:3
+   & $NODE_EXE 
$NPM_CLI_JS $args
+   ~~~~~~~~~~~~~~~~~~
~~~~~~~~~~~
    + CategoryInfo    
          : NotSpeci  
  fied: ([baseline-   
 brows...ping@late    
st -D`:String) []    
, RemoteException
    + FullyQualifiedE 
   rrorId : NativeCo  
  mmandError
 
transforming...
[32mΓ£ô[39m 1702 modules transformed.
rendering chunks...
computing gzip size...
[2mdist/[22m[32mindex.html                 [39m[1m[2m  1.20 kB[22m[1m[22m[2m Γöé gzip:   0.59 kB[22m
[2mdist/[22m[35massets/index-D48J8lxe.css  [39m[1m[2m104.24 kB[22m[1m[22m[2m Γöé gzip:  17.12 kB[22m
[2mdist/[22m[36massets/index-C_5MAcha.js   [39m[1m[33m607.99 kB[39m[22m[2m Γöé gzip: 192.92 kB[22m
[33m
(!) Some chunks are 
larger than 500 kB 
after minification. 
Consider:
- Using dynamic 
import() to 
code-split the 
application
- Use build.rollupOpti
ons.output.manualChunk
s to improve 
chunking: https://roll
upjs.org/configuration
-options/#output-manua
lchunks
- Adjust chunk size 
limit for this 
warning via build.chun
kSizeWarningLimit.[39
m
[32mΓ£ô built in 4.76s[39m
